
> react-typescript-starter@0.1.0 test
> react-scripts test --coverage

Browserslist: caniuse-lite is outdated. Please run:
  npx browserslist@latest --update-db
  Why you should do it regularly: https://github.com/browserslist/browserslist#browsers-data-updating
  console.error
    Error: Uncaught [Invariant Violation: Expected drag drop context]
        at reportException (/home/runner/work/final-project-start/final-project-start/node_modules/jsdom/lib/jsdom/living/helpers/runtime-script-errors.js:66:24)
        at innerInvokeEventListeners (/home/runner/work/final-project-start/final-project-start/node_modules/jsdom/lib/jsdom/living/events/EventTarget-impl.js:341:9)
        at invokeEventListeners (/home/runner/work/final-project-start/final-project-start/node_modules/jsdom/lib/jsdom/living/events/EventTarget-impl.js:274:3)
        at HTMLUnknownElementImpl._dispatch (/home/runner/work/final-project-start/final-project-start/node_modules/jsdom/lib/jsdom/living/events/EventTarget-impl.js:221:9)
        at HTMLUnknownElementImpl.dispatchEvent (/home/runner/work/final-project-start/final-project-start/node_modules/jsdom/lib/jsdom/living/events/EventTarget-impl.js:94:17)
        at HTMLUnknownElement.dispatchEvent (/home/runner/work/final-project-start/final-project-start/node_modules/jsdom/lib/jsdom/living/generated/EventTarget.js:231:34)
        at Object.invokeGuardedCallbackDev (/home/runner/work/final-project-start/final-project-start/node_modules/react-dom/cjs/react-dom.development.js:3994:16)
        at invokeGuardedCallback (/home/runner/work/final-project-start/final-project-start/node_modules/react-dom/cjs/react-dom.development.js:4056:31)
        at beginWork$1 (/home/runner/work/final-project-start/final-project-start/node_modules/react-dom/cjs/react-dom.development.js:23964:7)
        at performUnitOfWork (/home/runner/work/final-project-start/final-project-start/node_modules/react-dom/cjs/react-dom.development.js:22779:12) Invariant Violation: Expected drag drop context
        at invariant (/home/runner/work/final-project-start/final-project-start/node_modules/@react-dnd/invariant/src/index.ts:28:15)
        at useDragDropManager (/home/runner/work/final-project-start/final-project-start/node_modules/react-dnd/dist/cjs/hooks/useDragDropManager.js:21:28)
        at useDropTargetMonitor (/home/runner/work/final-project-start/final-project-start/node_modules/react-dnd/dist/cjs/hooks/internal/drop.js:34:60)
        at useDrop (/home/runner/work/final-project-start/final-project-start/node_modules/react-dnd/dist/cjs/hooks/useDrop.js:39:62)
        at App (/home/runner/work/final-project-start/final-project-start/src/App.tsx:95:32)
        at renderWithHooks (/home/runner/work/final-project-start/final-project-start/node_modules/react-dom/cjs/react-dom.development.js:14985:18)
        at mountIndeterminateComponent (/home/runner/work/final-project-start/final-project-start/node_modules/react-dom/cjs/react-dom.development.js:17811:13)
        at beginWork (/home/runner/work/final-project-start/final-project-start/node_modules/react-dom/cjs/react-dom.development.js:19049:16)
        at HTMLUnknownElement.callCallback (/home/runner/work/final-project-start/final-project-start/node_modules/react-dom/cjs/react-dom.development.js:3945:14)
        at HTMLUnknownElement.callTheUserObjectsOperation (/home/runner/work/final-project-start/final-project-start/node_modules/jsdom/lib/jsdom/living/generated/EventListener.js:26:30)
        at innerInvokeEventListeners (/home/runner/work/final-project-start/final-project-start/node_modules/jsdom/lib/jsdom/living/events/EventTarget-impl.js:338:25)
        at invokeEventListeners (/home/runner/work/final-project-start/final-project-start/node_modules/jsdom/lib/jsdom/living/events/EventTarget-impl.js:274:3)
        at HTMLUnknownElementImpl._dispatch (/home/runner/work/final-project-start/final-project-start/node_modules/jsdom/lib/jsdom/living/events/EventTarget-impl.js:221:9)
        at HTMLUnknownElementImpl.dispatchEvent (/home/runner/work/final-project-start/final-project-start/node_modules/jsdom/lib/jsdom/living/events/EventTarget-impl.js:94:17)
        at HTMLUnknownElement.dispatchEvent (/home/runner/work/final-project-start/final-project-start/node_modules/jsdom/lib/jsdom/living/generated/EventTarget.js:231:34)
        at Object.invokeGuardedCallbackDev (/home/runner/work/final-project-start/final-project-start/node_modules/react-dom/cjs/react-dom.development.js:3994:16)
        at invokeGuardedCallback (/home/runner/work/final-project-start/final-project-start/node_modules/react-dom/cjs/react-dom.development.js:4056:31)
        at beginWork$1 (/home/runner/work/final-project-start/final-project-start/node_modules/react-dom/cjs/react-dom.development.js:23964:7)
        at performUnitOfWork (/home/runner/work/final-project-start/final-project-start/node_modules/react-dom/cjs/react-dom.development.js:22779:12)
        at workLoopSync (/home/runner/work/final-project-start/final-project-start/node_modules/react-dom/cjs/react-dom.development.js:22707:5)
        at renderRootSync (/home/runner/work/final-project-start/final-project-start/node_modules/react-dom/cjs/react-dom.development.js:22670:7)
        at performSyncWorkOnRoot (/home/runner/work/final-project-start/final-project-start/node_modules/react-dom/cjs/react-dom.development.js:22293:18)
        at scheduleUpdateOnFiber (/home/runner/work/final-project-start/final-project-start/node_modules/react-dom/cjs/react-dom.development.js:21881:7)
        at updateContainer (/home/runner/work/final-project-start/final-project-start/node_modules/react-dom/cjs/react-dom.development.js:25482:3)
        at /home/runner/work/final-project-start/final-project-start/node_modules/react-dom/cjs/react-dom.development.js:26021:7
        at unbatchedUpdates (/home/runner/work/final-project-start/final-project-start/node_modules/react-dom/cjs/react-dom.development.js:22431:12)
        at legacyRenderSubtreeIntoContainer (/home/runner/work/final-project-start/final-project-start/node_modules/react-dom/cjs/react-dom.development.js:26020:5)
        at Object.render (/home/runner/work/final-project-start/final-project-start/node_modules/react-dom/cjs/react-dom.development.js:26103:10)
        at /home/runner/work/final-project-start/final-project-start/node_modules/@testing-library/react/dist/pure.js:101:25
        at batchedUpdates$1 (/home/runner/work/final-project-start/final-project-start/node_modules/react-dom/cjs/react-dom.development.js:22380:12)
        at act (/home/runner/work/final-project-start/final-project-start/node_modules/react-dom/cjs/react-dom-test-utils.development.js:1042:14)
        at render (/home/runner/work/final-project-start/final-project-start/node_modules/@testing-library/react/dist/pure.js:97:26)
        at Object.<anonymous> (/home/runner/work/final-project-start/final-project-start/src/tests/App.test.tsx:6:5)
        at Promise.then.completed (/home/runner/work/final-project-start/final-project-start/node_modules/jest-circus/build/utils.js:391:28)
        at new Promise (<anonymous>)
        at callAsyncCircusFn (/home/runner/work/final-project-start/final-project-start/node_modules/jest-circus/build/utils.js:316:10)
        at _callCircusTest (/home/runner/work/final-project-start/final-project-start/node_modules/jest-circus/build/run.js:218:40)
        at _runTest (/home/runner/work/final-project-start/final-project-start/node_modules/jest-circus/build/run.js:155:3)
        at _runTestsForDescribeBlock (/home/runner/work/final-project-start/final-project-start/node_modules/jest-circus/build/run.js:66:9)
        at run (/home/runner/work/final-project-start/final-project-start/node_modules/jest-circus/build/run.js:25:3)
        at runAndTransformResultsToJestFormat (/home/runner/work/final-project-start/final-project-start/node_modules/jest-circus/build/legacy-code-todo-rewrite/jestAdapterInit.js:170:21)
        at jestAdapter (/home/runner/work/final-project-start/final-project-start/node_modules/jest-circus/build/legacy-code-todo-rewrite/jestAdapter.js:82:19)
        at runTestInternal (/home/runner/work/final-project-start/final-project-start/node_modules/jest-runner/build/runTest.js:389:16)
        at runTest (/home/runner/work/final-project-start/final-project-start/node_modules/jest-runner/build/runTest.js:475:34)
        at TestRunner.runTests (/home/runner/work/final-project-start/final-project-start/node_modules/jest-runner/build/index.js:111:12)
        at TestScheduler.scheduleTests (/home/runner/work/final-project-start/final-project-start/node_modules/@jest/core/build/TestScheduler.js:333:13)
        at runJest (/home/runner/work/final-project-start/final-project-start/node_modules/@jest/core/build/runJest.js:404:19)
        at _run10000 (/home/runner/work/final-project-start/final-project-start/node_modules/@jest/core/build/cli/index.js:320:7)
        at runCLI (/home/runner/work/final-project-start/final-project-start/node_modules/@jest/core/build/cli/index.js:173:3)
        at Object.run (/home/runner/work/final-project-start/final-project-start/node_modules/jest-cli/build/cli/index.js:155:37) {
      framesToPop: 1
    }

      at VirtualConsole.<anonymous> (node_modules/jsdom/lib/jsdom/virtual-console.js:29:45)
      at reportException (node_modules/jsdom/lib/jsdom/living/helpers/runtime-script-errors.js:70:28)
      at innerInvokeEventListeners (node_modules/jsdom/lib/jsdom/living/events/EventTarget-impl.js:341:9)
      at invokeEventListeners (node_modules/jsdom/lib/jsdom/living/events/EventTarget-impl.js:274:3)
      at HTMLUnknownElementImpl._dispatch (node_modules/jsdom/lib/jsdom/living/events/EventTarget-impl.js:221:9)
      at HTMLUnknownElementImpl.dispatchEvent (node_modules/jsdom/lib/jsdom/living/events/EventTarget-impl.js:94:17)

  console.error
    The above error occurred in the <App> component:
    
        at App (/home/runner/work/final-project-start/final-project-start/src/App.tsx:24:29)
    
    Consider adding an error boundary to your tree to customize error handling behavior.
    Visit https://reactjs.org/link/error-boundaries to learn more about error boundaries.

      at logCapturedError (node_modules/react-dom/cjs/react-dom.development.js:20085:23)
      at update.callback (node_modules/react-dom/cjs/react-dom.development.js:20118:5)
      at callCallback (node_modules/react-dom/cjs/react-dom.development.js:12318:12)
      at commitUpdateQueue (node_modules/react-dom/cjs/react-dom.development.js:12339:9)
      at commitLifeCycles (node_modules/react-dom/cjs/react-dom.development.js:20736:11)
      at commitLayoutEffects (node_modules/react-dom/cjs/react-dom.development.js:23426:7)
      at HTMLUnknownElement.callCallback (node_modules/react-dom/cjs/react-dom.development.js:3945:14)

FAIL src/tests/App.test.tsx
  ✕ renders the course name somewhere (84 ms)

  ● renders the course name somewhere

    Invariant Violation: Expected drag drop context

      93 |         name: string;
      94 |     }
    > 95 |     const [{ isOver }, drop] = useDrop({
         |                                ^
      96 |         accept: ItemTypes.PROP,
      97 |         drop: (item: ITEM) => SetBoardProps(addToBoardList(item.data)),
      98 |         collect: (monitor: DropTargetMonitor) => ({

      at invariant (node_modules/@react-dnd/invariant/src/index.ts:28:15)
      at useDragDropManager (node_modules/react-dnd/dist/cjs/hooks/useDragDropManager.js:21:28)
      at useDropTargetMonitor (node_modules/react-dnd/dist/cjs/hooks/internal/drop.js:34:60)
      at useDrop (node_modules/react-dnd/dist/cjs/hooks/useDrop.js:39:62)
      at App (src/App.tsx:95:32)
      at renderWithHooks (node_modules/react-dom/cjs/react-dom.development.js:14985:18)
      at mountIndeterminateComponent (node_modules/react-dom/cjs/react-dom.development.js:17811:13)
      at beginWork (node_modules/react-dom/cjs/react-dom.development.js:19049:16)
      at HTMLUnknownElement.callCallback (node_modules/react-dom/cjs/react-dom.development.js:3945:14)
      at HTMLUnknownElement.callTheUserObjectsOperation (node_modules/jsdom/lib/jsdom/living/generated/EventListener.js:26:30)
      at innerInvokeEventListeners (node_modules/jsdom/lib/jsdom/living/events/EventTarget-impl.js:338:25)
      at invokeEventListeners (node_modules/jsdom/lib/jsdom/living/events/EventTarget-impl.js:274:3)
      at HTMLUnknownElementImpl._dispatch (node_modules/jsdom/lib/jsdom/living/events/EventTarget-impl.js:221:9)
      at HTMLUnknownElementImpl.dispatchEvent (node_modules/jsdom/lib/jsdom/living/events/EventTarget-impl.js:94:17)
      at HTMLUnknownElement.dispatchEvent (node_modules/jsdom/lib/jsdom/living/generated/EventTarget.js:231:34)
      at Object.invokeGuardedCallbackDev (node_modules/react-dom/cjs/react-dom.development.js:3994:16)
      at invokeGuardedCallback (node_modules/react-dom/cjs/react-dom.development.js:4056:31)
      at beginWork$1 (node_modules/react-dom/cjs/react-dom.development.js:23964:7)
      at performUnitOfWork (node_modules/react-dom/cjs/react-dom.development.js:22779:12)
      at workLoopSync (node_modules/react-dom/cjs/react-dom.development.js:22707:5)
      at renderRootSync (node_modules/react-dom/cjs/react-dom.development.js:22670:7)
      at performSyncWorkOnRoot (node_modules/react-dom/cjs/react-dom.development.js:22293:18)
      at scheduleUpdateOnFiber (node_modules/react-dom/cjs/react-dom.development.js:21881:7)
      at updateContainer (node_modules/react-dom/cjs/react-dom.development.js:25482:3)
      at node_modules/react-dom/cjs/react-dom.development.js:26021:7
      at unbatchedUpdates (node_modules/react-dom/cjs/react-dom.development.js:22431:12)
      at legacyRenderSubtreeIntoContainer (node_modules/react-dom/cjs/react-dom.development.js:26020:5)
      at Object.render (node_modules/react-dom/cjs/react-dom.development.js:26103:10)
      at node_modules/@testing-library/react/dist/pure.js:101:25
      at batchedUpdates$1 (node_modules/react-dom/cjs/react-dom.development.js:22380:12)
      at act (node_modules/react-dom/cjs/react-dom-test-utils.development.js:1042:14)
      at render (node_modules/@testing-library/react/dist/pure.js:97:26)
      at Object.<anonymous> (src/tests/App.test.tsx:6:5)
      at TestScheduler.scheduleTests (node_modules/@jest/core/build/TestScheduler.js:333:13)
      at runJest (node_modules/@jest/core/build/runJest.js:404:19)
      at _run10000 (node_modules/@jest/core/build/cli/index.js:320:7)
      at runCLI (node_modules/@jest/core/build/cli/index.js:173:3)

---------------------|---------|----------|---------|---------|-------------------
File                 | % Stmts | % Branch | % Funcs | % Lines | Uncovered Line #s 
---------------------|---------|----------|---------|---------|-------------------
All files            |    9.97 |        0 |    1.29 |    10.1 |                   
 src                 |   19.04 |        0 |    9.52 |   19.04 |                   
  App.tsx            |   19.04 |        0 |    9.52 |   19.04 | 26,51-85,97-140   
  global.d.ts        |       0 |        0 |       0 |       0 |                   
  index.d.ts         |       0 |        0 |       0 |       0 |                   
 src/DnD-demo        |    1.92 |        0 |       0 |    1.96 |                   
  Board.tsx          |       0 |        0 |       0 |       0 | 7-36              
  BoardSquare.tsx    |       0 |        0 |       0 |       0 | 13-26             
  Overlay.tsx        |       0 |      100 |       0 |       0 | 7-8               
  Pic.tsx            |       0 |        0 |       0 |       0 | 5-13              
  Square.tsx         |       0 |        0 |       0 |       0 | 7-11              
  constants.ts       |     100 |      100 |     100 |     100 |                   
  demo-index.tsx     |       0 |      100 |       0 |       0 | 8-28              
  game.ts            |       0 |        0 |       0 |       0 | 1-26              
 src/components      |    3.11 |        0 |       0 |    3.16 |                   
  BoardProps.tsx     |       0 |      100 |       0 |       0 | 8-22              
  BorderBox.tsx      |   42.85 |      100 |       0 |   42.85 | 15-37             
  BorderBoxUp.tsx    |   42.85 |      100 |       0 |   42.85 | 14-36             
  Garden.tsx         |       0 |      100 |       0 |       0 | 19-95             
  PlantDescriber.tsx |       0 |        0 |       0 |       0 | 19-86             
  PlantEditor.tsx    |    5.26 |        0 |       0 |    5.26 | 30-286            
  PlantView.tsx      |       0 |      100 |       0 |       0 | 4                 
  Prop.tsx           |       0 |        0 |       0 |       0 | 18-55             
  PropList.tsx       |       0 |        0 |       0 |       0 | 24-299            
 src/interfaces      |     100 |      100 |     100 |     100 |                   
  PropList.ts        |     100 |      100 |     100 |     100 |                   
  garden.ts          |       0 |        0 |       0 |       0 |                   
  item.ts            |       0 |        0 |       0 |       0 |                   
  nonPlant.ts        |       0 |        0 |       0 |       0 |                   
  plant.ts           |       0 |        0 |       0 |       0 |                   
  shadeLevel.ts      |       0 |        0 |       0 |       0 |                   
 src/tests           |       0 |        0 |       0 |       0 |                   
  setupTests.ts      |       0 |        0 |       0 |       0 |                   
---------------------|---------|----------|---------|---------|-------------------
Test Suites: 1 failed, 1 total
Tests:       1 failed, 1 total
Snapshots:   0 total
Time:        5.456 s
Ran all test suites.
